
> refine_control_plane@0.1.0 dev
> next dev -p 3100

[?25h
t.js 16.2.3 (Turbopack)
- Local:         http://localhost:3100
- Network:       http://10.146.35.198:3100
- Environments: .env.local
✓ Ready in 415ms

 GET / 200 in 6.4s (next.js: 3.8s, application-code: 2.7s)
 GET / 200 in 6.3s (next.js: 6.2s, application-code: 165ms)
 GET / 200 in 522ms (next.js: 21ms, application-code: 501ms)
 GET / 200 in 369ms (next.js: 9ms, application-code: 360ms)
 GET / 200 in 402ms (next.js: 14ms, application-code: 388ms)
 GET / 200 in 373ms (next.js: 10ms, application-code: 363ms)
 GET / 200 in 380ms (next.js: 10ms, application-code: 370ms)
 GET / 200 in 365ms (next.js: 10ms, application-code: 355ms)
 GET / 200 in 419ms (next.js: 12ms, application-code: 407ms)
 GET / 200 in 369ms (next.js: 10ms, application-code: 359ms)
 GET / 200 in 428ms (next.js: 14ms, application-code: 414ms)
 GET / 200 in 348ms (next.js: 14ms, application-code: 335ms)
 GET / 200 in 371ms (next.js: 9ms, application-code: 363ms)
 GET / 200 in 340ms (next.js: 8ms, application-code: 331ms)
 GET / 200 in 363ms (next.js: 9ms, application-code: 353ms)
 GET / 200 in 333ms (next.js: 8ms, application-code: 325ms)
 GET / 200 in 359ms (next.js: 10ms, application-code: 349ms)
 GET / 200 in 333ms (next.js: 9ms, application-code: 323ms)
 GET / 200 in 383ms (next.js: 9ms, application-code: 374ms)
 GET / 200 in 333ms (next.js: 8ms, application-code: 325ms)
 GET / 200 in 10.1min (next.js: 12ms, application-code: 10.1min)
 GET / 200 in 136ms (next.js: 3ms, application-code: 132ms)
 GET / 200 in 492ms (next.js: 9ms, application-code: 484ms)
 GET / 200 in 628ms (next.js: 22ms, application-code: 606ms)
 GET / 200 in 350ms (next.js: 10ms, application-code: 340ms)
 GET / 200 in 334ms (next.js: 8ms, application-code: 326ms)
 GET / 200 in 355ms (next.js: 9ms, application-code: 346ms)
 GET / 200 in 326ms (next.js: 9ms, application-code: 316ms)
 GET / 200 in 381ms (next.js: 10ms, application-code: 371ms)
 GET / 200 in 334ms (next.js: 9ms, application-code: 326ms)
 GET / 200 in 334ms (next.js: 5ms, application-code: 330ms)
 GET / 200 in 338ms (next.js: 9ms, application-code: 329ms)
 GET / 200 in 391ms (next.js: 9ms, application-code: 382ms)
 GET / 200 in 342ms (next.js: 12ms, application-code: 331ms)
 GET / 200 in 347ms (next.js: 10ms, application-code: 337ms)
 GET / 200 in 374ms (next.js: 5ms, application-code: 369ms)
 GET / 200 in 434ms (next.js: 13ms, application-code: 421ms)
 GET / 200 in 373ms (next.js: 8ms, application-code: 364ms)
 GET / 200 in 331ms (next.js: 5ms, application-code: 326ms)
 GET / 200 in 370ms (next.js: 65ms, application-code: 305ms)
 GET / 200 in 488ms (next.js: 14ms, application-code: 474ms)
 GET / 200 in 7.0s (next.js: 17ms, application-code: 7.0s)
 GET / 200 in 365ms (next.js: 12ms, application-code: 353ms)
 GET / 200 in 370ms (next.js: 9ms, application-code: 361ms)
 GET / 200 in 385ms (next.js: 10ms, application-code: 375ms)
 GET / 200 in 357ms (next.js: 10ms, application-code: 347ms)
 GET / 200 in 370ms (next.js: 10ms, application-code: 360ms)
 GET / 200 in 322ms (next.js: 8ms, application-code: 315ms)
 GET / 200 in 344ms (next.js: 8ms, application-code: 336ms)
 GET / 200 in 334ms (next.js: 7ms, application-code: 327ms)
 GET / 200 in 382ms (next.js: 10ms, application-code: 372ms)
 GET / 200 in 351ms (next.js: 9ms, application-code: 342ms)
 GET / 200 in 121ms (next.js: 4ms, application-code: 118ms)
 GET / 200 in 108ms (next.js: 3ms, application-code: 105ms)
 GET / 200 in 365ms (next.js: 9ms, application-code: 356ms)
 GET / 200 in 324ms (next.js: 8ms, application-code: 316ms)
 GET / 200 in 348ms (next.js: 9ms, application-code: 339ms)
 GET / 200 in 396ms (next.js: 10ms, application-code: 386ms)
 GET / 200 in 357ms (next.js: 8ms, application-code: 348ms)
 GET / 200 in 337ms (next.js: 7ms, application-code: 330ms)
 GET / 200 in 222ms (next.js: 4ms, application-code: 218ms)
 GET / 200 in 232ms (next.js: 36ms, application-code: 196ms)
 GET / 200 in 473ms (next.js: 12ms, application-code: 461ms)
 GET / 200 in 2.7min (next.js: 16ms, application-code: 2.7min)
 GET / 200 in 382ms (next.js: 11ms, application-code: 372ms)
 GET / 200 in 341ms (next.js: 10ms, application-code: 332ms)
 GET / 200 in 326ms (next.js: 7ms, application-code: 319ms)
 GET / 200 in 335ms (next.js: 7ms, application-code: 328ms)
 GET / 200 in 351ms (next.js: 8ms, application-code: 342ms)
 GET / 200 in 383ms (next.js: 9ms, application-code: 374ms)
 GET / 200 in 654ms (next.js: 11ms, application-code: 643ms)
 GET / 200 in 630ms (next.js: 36ms, application-code: 594ms)
 GET / 200 in 498ms (next.js: 10ms, application-code: 487ms)
 GET / 200 in 587ms (next.js: 20ms, application-code: 567ms)
 GET / 200 in 375ms (next.js: 8ms, application-code: 367ms)
 GET / 200 in 339ms (next.js: 8ms, application-code: 331ms)
 GET / 200 in 356ms (next.js: 8ms, application-code: 348ms)
 GET / 200 in 411ms (next.js: 10ms, application-code: 401ms)
 GET / 200 in 354ms (next.js: 9ms, application-code: 345ms)
 GET / 200 in 336ms (next.js: 8ms, application-code: 329ms)
 GET / 200 in 391ms (next.js: 9ms, application-code: 382ms)
 GET / 200 in 339ms (next.js: 10ms, application-code: 328ms)
 GET / 200 in 325ms (next.js: 7ms, application-code: 318ms)
 GET / 200 in 326ms (next.js: 8ms, application-code: 318ms)
 GET / 200 in 356ms (next.js: 9ms, application-code: 346ms)
 GET / 200 in 377ms (next.js: 8ms, application-code: 369ms)
 GET / 200 in 338ms (next.js: 10ms, application-code: 329ms)
 GET / 200 in 329ms (next.js: 7ms, application-code: 322ms)
 GET / 200 in 356ms (next.js: 6ms, application-code: 350ms)
 GET / 200 in 348ms (next.js: 8ms, application-code: 339ms)
 GET / 200 in 389ms (next.js: 10ms, application-code: 379ms)
 GET / 200 in 341ms (next.js: 8ms, application-code: 333ms)
 GET / 200 in 143ms (next.js: 3ms, application-code: 140ms)
 GET / 200 in 390ms (next.js: 10ms, application-code: 380ms)
 GET / 200 in 209ms (next.js: 5ms, application-code: 204ms)
 GET / 200 in 175ms (next.js: 4ms, application-code: 171ms)
 GET / 200 in 635ms (next.js: 11ms, application-code: 624ms)
 GET / 200 in 431ms (next.js: 13ms, application-code: 418ms)
 GET / 200 in 379ms (next.js: 11ms, application-code: 368ms)
 GET / 200 in 337ms (next.js: 8ms, application-code: 329ms)
 GET / 200 in 383ms (next.js: 10ms, application-code: 373ms)
 GET / 200 in 352ms (next.js: 11ms, application-code: 341ms)
 GET / 200 in 354ms (next.js: 6ms, application-code: 348ms)
 GET / 200 in 333ms (next.js: 9ms, application-code: 324ms)
 GET / 200 in 327ms (next.js: 9ms, application-code: 318ms)
 GET / 200 in 377ms (next.js: 8ms, application-code: 369ms)
 GET / 200 in 356ms (next.js: 11ms, application-code: 346ms)
 GET / 200 in 331ms (next.js: 8ms, application-code: 323ms)
 GET / 200 in 110ms (next.js: 3ms, application-code: 107ms)
 GET / 200 in 391ms (next.js: 9ms, application-code: 382ms)
 GET / 200 in 348ms (next.js: 9ms, application-code: 339ms)
 GET / 200 in 446ms (next.js: 8ms, application-code: 437ms)
 GET / 200 in 340ms (next.js: 9ms, application-code: 331ms)
 GET / 200 in 353ms (next.js: 8ms, application-code: 345ms)
 GET / 200 in 403ms (next.js: 10ms, application-code: 393ms)
 GET / 200 in 347ms (next.js: 8ms, application-code: 339ms)
 GET / 200 in 135ms (next.js: 4ms, application-code: 131ms)
 GET / 200 in 119ms (next.js: 5ms, application-code: 114ms)
 GET / 200 in 134ms (next.js: 7ms, application-code: 127ms)
 GET / 200 in 85ms (next.js: 2ms, application-code: 83ms)
 GET / 200 in 65ms (next.js: 2ms, application-code: 63ms)
 GET / 200 in 79ms (next.js: 3ms, application-code: 76ms)
 GET / 200 in 69ms (next.js: 1869µs, application-code: 67ms)
 GET / 200 in 71ms (next.js: 2ms, application-code: 68ms)
 GET / 200 in 88ms (next.js: 2ms, application-code: 86ms)
 GET / 200 in 96ms (next.js: 2ms, application-code: 94ms)
 GET / 200 in 86ms (next.js: 3ms, application-code: 83ms)
 GET / 200 in 81ms (next.js: 2ms, application-code: 79ms)
 GET / 200 in 71ms (next.js: 3ms, application-code: 68ms)
 GET / 200 in 97ms (next.js: 1790µs, application-code: 95ms)
 GET / 200 in 80ms (next.js: 1726µs, application-code: 78ms)
 GET / 200 in 62ms (next.js: 1702µs, application-code: 61ms)
 GET / 200 in 61ms (next.js: 1775µs, application-code: 59ms)
 GET / 200 in 91ms (next.js: 3ms, application-code: 88ms)
 GET / 200 in 70ms (next.js: 2ms, application-code: 68ms)
 GET / 200 in 76ms (next.js: 1901µs, application-code: 74ms)
 GET / 200 in 63ms (next.js: 1784µs, application-code: 62ms)
 GET / 200 in 69ms (next.js: 1798µs, application-code: 67ms)
 GET / 200 in 69ms (next.js: 2ms, application-code: 66ms)
 GET / 200 in 61ms (next.js: 1613µs, application-code: 60ms)
 GET / 200 in 63ms (next.js: 1752µs, application-code: 62ms)
 GET / 200 in 63ms (next.js: 1700µs, application-code: 62ms)
 GET / 200 in 62ms (next.js: 1544µs, application-code: 61ms)
 GET / 200 in 70ms (next.js: 1860µs, application-code: 68ms)
 GET / 200 in 84ms (next.js: 1874µs, application-code: 82ms)
 GET / 200 in 75ms (next.js: 11ms, application-code: 64ms)
 GET / 200 in 68ms (next.js: 2ms, application-code: 65ms)
 GET / 200 in 86ms (next.js: 1761µs, application-code: 84ms)
 GET / 200 in 68ms (next.js: 2ms, application-code: 66ms)
 GET / 200 in 79ms (next.js: 2ms, application-code: 77ms)
 GET / 200 in 82ms (next.js: 2ms, application-code: 80ms)
 GET / 200 in 80ms (next.js: 2ms, application-code: 78ms)
 GET / 200 in 92ms (next.js: 3ms, application-code: 89ms)
 GET / 200 in 65ms (next.js: 1746µs, application-code: 64ms)
 GET / 200 in 65ms (next.js: 1831µs, application-code: 63ms)
 GET / 200 in 70ms (next.js: 1509µs, application-code: 68ms)
 GET / 200 in 69ms (next.js: 1723µs, application-code: 67ms)
 GET / 200 in 91ms (next.js: 1754µs, application-code: 89ms)
 GET / 200 in 264ms (next.js: 6ms, application-code: 258ms)
 GET / 200 in 203ms (next.js: 5ms, application-code: 199ms)
 GET / 200 in 257ms (next.js: 7ms, application-code: 250ms)
 GET / 200 in 189ms (next.js: 5ms, application-code: 185ms)
 GET / 200 in 203ms (next.js: 5ms, application-code: 198ms)
 GET / 200 in 216ms (next.js: 6ms, application-code: 210ms)
 GET / 200 in 219ms (next.js: 7ms, application-code: 212ms)
 GET / 200 in 270ms (next.js: 6ms, application-code: 264ms)
 GET / 200 in 272ms (next.js: 5ms, application-code: 267ms)
 GET / 200 in 241ms (next.js: 6ms, application-code: 235ms)
 GET / 200 in 301ms (next.js: 6ms, application-code: 295ms)
 GET / 200 in 194ms (next.js: 4ms, application-code: 190ms)
 GET / 200 in 174ms (next.js: 5ms, application-code: 170ms)
 GET / 200 in 178ms (next.js: 4ms, application-code: 174ms)
 GET / 200 in 213ms (next.js: 6ms, application-code: 208ms)
 GET / 200 in 210ms (next.js: 5ms, application-code: 205ms)
 GET / 200 in 184ms (next.js: 5ms, application-code: 179ms)
 GET / 200 in 194ms (next.js: 4ms, application-code: 190ms)
 GET / 200 in 221ms (next.js: 5ms, application-code: 216ms)
 GET / 200 in 209ms (next.js: 5ms, application-code: 203ms)
 GET / 200 in 175ms (next.js: 4ms, application-code: 171ms)
 GET / 200 in 316ms (next.js: 9ms, application-code: 307ms)
 GET / 200 in 342ms (next.js: 10ms, application-code: 332ms)
 GET / 200 in 186ms (next.js: 5ms, application-code: 181ms)
 GET / 200 in 184ms (next.js: 5ms, application-code: 179ms)
 GET / 200 in 188ms (next.js: 4ms, application-code: 184ms)
 GET / 200 in 207ms (next.js: 5ms, application-code: 202ms)
 GET / 200 in 214ms (next.js: 5ms, application-code: 209ms)
 GET / 200 in 120ms (next.js: 3ms, application-code: 117ms)
 GET / 200 in 231ms (next.js: 5ms, application-code: 225ms)
 GET / 200 in 182ms (next.js: 3ms, application-code: 179ms)
 GET / 200 in 208ms (next.js: 5ms, application-code: 203ms)
 GET / 200 in 184ms (next.js: 5ms, application-code: 178ms)
 GET / 200 in 170ms (next.js: 6ms, application-code: 164ms)
 GET / 200 in 180ms (next.js: 5ms, application-code: 176ms)
 GET / 200 in 200ms (next.js: 5ms, application-code: 196ms)
 GET / 200 in 257ms (next.js: 6ms, application-code: 250ms)
 GET / 200 in 223ms (next.js: 5ms, application-code: 219ms)
 GET / 200 in 176ms (next.js: 5ms, application-code: 171ms)
 GET / 200 in 184ms (next.js: 4ms, application-code: 180ms)
 GET / 200 in 228ms (next.js: 5ms, application-code: 223ms)
 GET / 200 in 251ms (next.js: 8ms, application-code: 243ms)
 GET / 200 in 195ms (next.js: 5ms, application-code: 190ms)
 GET / 200 in 201ms (next.js: 5ms, application-code: 196ms)
 GET / 200 in 139ms (next.js: 4ms, application-code: 135ms)
 GET / 200 in 237ms (next.js: 4ms, application-code: 233ms)
 GET / 200 in 199ms (next.js: 5ms, application-code: 193ms)
 GET / 200 in 271ms (next.js: 5ms, application-code: 266ms)
 GET / 200 in 207ms (next.js: 6ms, application-code: 202ms)
 GET / 200 in 191ms (next.js: 7ms, application-code: 184ms)
 GET / 200 in 181ms (next.js: 5ms, application-code: 176ms)
 GET / 200 in 187ms (next.js: 5ms, application-code: 182ms)
 GET / 200 in 231ms (next.js: 5ms, application-code: 227ms)
 GET / 200 in 183ms (next.js: 5ms, application-code: 179ms)
 GET / 200 in 198ms (next.js: 5ms, application-code: 194ms)
 GET / 200 in 221ms (next.js: 4ms, application-code: 217ms)
 GET / 200 in 194ms (next.js: 5ms, application-code: 189ms)
 GET / 200 in 179ms (next.js: 4ms, application-code: 175ms)
 GET / 200 in 216ms (next.js: 7ms, application-code: 208ms)
 GET / 200 in 190ms (next.js: 4ms, application-code: 186ms)
 GET / 200 in 196ms (next.js: 4ms, application-code: 192ms)
 GET / 200 in 144ms (next.js: 4ms, application-code: 140ms)
 GET / 200 in 228ms (next.js: 5ms, application-code: 224ms)
 GET / 200 in 179ms (next.js: 4ms, application-code: 175ms)
 GET / 200 in 140ms (next.js: 3ms, application-code: 137ms)
 GET / 200 in 74ms (next.js: 2ms, application-code: 72ms)
 GET / 200 in 99ms (next.js: 3ms, application-code: 96ms)
 GET / 200 in 105ms (next.js: 2ms, application-code: 103ms)
 GET / 200 in 59ms (next.js: 3ms, application-code: 57ms)
 GET / 200 in 65ms (next.js: 1781µs, application-code: 64ms)
 GET / 200 in 88ms (next.js: 2ms, application-code: 86ms)
 GET / 200 in 61ms (next.js: 1764µs, application-code: 60ms)
 GET / 200 in 63ms (next.js: 1669µs, application-code: 61ms)
 GET / 200 in 74ms (next.js: 1961µs, application-code: 72ms)
 GET / 200 in 86ms (next.js: 4ms, application-code: 82ms)
 GET / 200 in 82ms (next.js: 1797µs, application-code: 80ms)
 GET / 200 in 75ms (next.js: 1765µs, application-code: 73ms)
 GET / 200 in 65ms (next.js: 2ms, application-code: 62ms)
 GET / 200 in 100ms (next.js: 4ms, application-code: 96ms)
 GET / 200 in 81ms (next.js: 2ms, application-code: 79ms)
 GET / 200 in 123ms (next.js: 5ms, application-code: 118ms)
 GET / 200 in 160ms (next.js: 4ms, application-code: 155ms)
 GET /workflows/e65eba4b-fcba-4586-84a7-ff93273d2c69 200 in 1249ms (next.js: 922ms, application-code: 326ms)
 GET / 200 in 39ms (next.js: 6ms, application-code: 33ms)
 GET /bilgeapi-ops 200 in 98ms (next.js: 66ms, application-code: 33ms)
 GET / 200 in 116ms (next.js: 3ms, application-code: 113ms)
 GET / 200 in 94ms (next.js: 3ms, application-code: 91ms)
 GET / 200 in 108ms (next.js: 3ms, application-code: 105ms)
 GET / 200 in 93ms (next.js: 2ms, application-code: 90ms)
 GET / 200 in 85ms (next.js: 3ms, application-code: 82ms)
 GET / 200 in 121ms (next.js: 4ms, application-code: 117ms)
 GET / 200 in 110ms (next.js: 3ms, application-code: 107ms)
 GET / 200 in 128ms (next.js: 2ms, application-code: 126ms)
 GET / 200 in 87ms (next.js: 2ms, application-code: 85ms)
 GET / 200 in 85ms (next.js: 4ms, application-code: 82ms)
 GET / 200 in 148ms (next.js: 3ms, application-code: 145ms)
 GET / 200 in 117ms (next.js: 4ms, application-code: 112ms)
 GET /bilgeapi-ops 200 in 1096ms (next.js: 698ms, application-code: 398ms)
 GET /bilgeapi-ops 200 in 320ms (next.js: 9ms, application-code: 310ms)
 GET /bilgeapi-ops 200 in 254ms (next.js: 14ms, application-code: 241ms)
 GET /bilgeapi-ops 200 in 254ms (next.js: 130ms, application-code: 124ms)
 GET /bilgeapi-ops 200 in 256ms (next.js: 104ms, application-code: 152ms)
 GET /bilgeapi-ops 200 in 255ms (next.js: 152ms, application-code: 103ms)
 GET /bilgeapi-ops 200 in 232ms (next.js: 5ms, application-code: 227ms)
 GET /bilgeapi-ops 200 in 232ms (next.js: 28ms, application-code: 205ms)
 GET /bilgeapi-ops 200 in 185ms (next.js: 4ms, application-code: 180ms)
 GET /bilgeapi-ops 200 in 156ms (next.js: 38ms, application-code: 118ms)
 GET /bilgeapi-ops 200 in 158ms (next.js: 12ms, application-code: 146ms)
 GET /bilgeapi-ops 200 in 159ms (next.js: 59ms, application-code: 100ms)
 GET /bilgeapi-ops 200 in 230ms (next.js: 6ms, application-code: 224ms)
 GET /bilgeapi-ops 200 in 205ms (next.js: 85ms, application-code: 120ms)
 GET /bilgeapi-ops 200 in 207ms (next.js: 29ms, application-code: 179ms)
 GET /bilgeapi-ops 200 in 210ms (next.js: 54ms, application-code: 155ms)
 GET /bilgeapi-ops 200 in 234ms (next.js: 26ms, application-code: 208ms)
 GET /bilgeapi-ops 200 in 108ms (next.js: 11ms, application-code: 97ms)
 GET /bilgeapi-ops 200 in 230ms (next.js: 6ms, application-code: 224ms)
 GET /bilgeapi-ops 200 in 203ms (next.js: 79ms, application-code: 124ms)
 GET /bilgeapi-ops 200 in 231ms (next.js: 31ms, application-code: 201ms)
 GET /bilgeapi-ops 200 in 208ms (next.js: 35ms, application-code: 173ms)
 GET /bilgeapi-ops 200 in 208ms (next.js: 58ms, application-code: 150ms)
 GET /bilgeapi-ops 200 in 209ms (next.js: 104ms, application-code: 105ms)
 GET /bilgeapi-ops 200 in 209ms (next.js: 28ms, application-code: 181ms)
 GET /bilgeapi-ops 200 in 213ms (next.js: 6ms, application-code: 207ms)
 GET /bilgeapi-ops 200 in 188ms (next.js: 30ms, application-code: 158ms)
 GET /bilgeapi-ops 200 in 188ms (next.js: 50ms, application-code: 138ms)
 GET /bilgeapi-ops 200 in 163ms (next.js: 78ms, application-code: 85ms)
 GET /bilgeapi-ops 200 in 169ms (next.js: 56ms, application-code: 113ms)
 GET /bilgeapi-ops 200 in 202ms (next.js: 28ms, application-code: 174ms)
 GET /bilgeapi-ops 200 in 206ms (next.js: 6ms, application-code: 200ms)
 GET /bilgeapi-ops 200 in 204ms (next.js: 49ms, application-code: 155ms)
 GET /bilgeapi-ops 200 in 182ms (next.js: 53ms, application-code: 130ms)
 GET /bilgeapi-ops 200 in 135ms (next.js: 35ms, application-code: 100ms)
 GET /bilgeapi-ops 200 in 105ms (next.js: 34ms, application-code: 71ms)
 GET /bilgeapi-ops 200 in 210ms (next.js: 7ms, application-code: 203ms)
 GET /bilgeapi-ops 200 in 207ms (next.js: 26ms, application-code: 181ms)
 GET /bilgeapi-ops 200 in 185ms (next.js: 50ms, application-code: 135ms)
 GET /bilgeapi-ops 200 in 186ms (next.js: 27ms, application-code: 159ms)
 GET /bilgeapi-ops 200 in 142ms (next.js: 32ms, application-code: 110ms)
 GET /bilgeapi-ops 200 in 142ms (next.js: 54ms, application-code: 87ms)
 GET /bilgeapi-ops 200 in 230ms (next.js: 23ms, application-code: 208ms)
 GET /bilgeapi-ops 200 in 232ms (next.js: 45ms, application-code: 187ms)
 GET /bilgeapi-ops 200 in 234ms (next.js: 4ms, application-code: 230ms)
 GET /bilgeapi-ops 200 in 209ms (next.js: 5ms, application-code: 204ms)
 GET /bilgeapi-ops 200 in 211ms (next.js: 24ms, application-code: 186ms)
 GET /bilgeapi-ops 200 in 213ms (next.js: 45ms, application-code: 168ms)
 GET /bilgeapi-ops 200 in 196ms (next.js: 5ms, application-code: 191ms)
 GET /bilgeapi-ops 200 in 228ms (next.js: 5ms, application-code: 223ms)
 GET /bilgeapi-ops 200 in 152ms (next.js: 11ms, application-code: 141ms)
 GET /bilgeapi-ops 200 in 200ms (next.js: 24ms, application-code: 176ms)
 GET /bilgeapi-ops 200 in 154ms (next.js: 59ms, application-code: 95ms)
 GET /bilgeapi-ops 200 in 156ms (next.js: 32ms, application-code: 124ms)
 GET /bilgeapi-ops 200 in 205ms (next.js: 5ms, application-code: 200ms)
 GET /bilgeapi-ops 200 in 204ms (next.js: 50ms, application-code: 154ms)
 GET /bilgeapi-ops 200 in 206ms (next.js: 30ms, application-code: 176ms)
 GET /bilgeapi-ops 200 in 138ms (next.js: 10ms, application-code: 128ms)
 GET /bilgeapi-ops 200 in 139ms (next.js: 29ms, application-code: 110ms)
 GET /bilgeapi-ops 200 in 140ms (next.js: 48ms, application-code: 92ms)
 GET /bilgeapi-ops 200 in 165ms (next.js: 26ms, application-code: 139ms)
 GET /bilgeapi-ops 200 in 193ms (next.js: 29ms, application-code: 164ms)
 GET /bilgeapi-ops 200 in 194ms (next.js: 4ms, application-code: 190ms)
 GET /bilgeapi-ops 200 in 146ms (next.js: 52ms, application-code: 94ms)
 GET /bilgeapi-ops 200 in 146ms (next.js: 69ms, application-code: 77ms)
 GET /bilgeapi-ops 200 in 150ms (next.js: 32ms, application-code: 118ms)
 GET /bilgeapi-ops 200 in 249ms (next.js: 27ms, application-code: 222ms)
 GET /bilgeapi-ops 200 in 252ms (next.js: 6ms, application-code: 246ms)
 GET /bilgeapi-ops 200 in 252ms (next.js: 51ms, application-code: 202ms)
 GET /bilgeapi-ops 200 in 253ms (next.js: 79ms, application-code: 173ms)
 GET /bilgeapi-ops 200 in 253ms (next.js: 109ms, application-code: 144ms)
 GET /bilgeapi-ops 200 in 111ms (next.js: 19ms, application-code: 92ms)
 GET /bilgeapi-ops 200 in 236ms (next.js: 5ms, application-code: 232ms)
 GET /bilgeapi-ops 200 in 212ms (next.js: 46ms, application-code: 166ms)
 GET /bilgeapi-ops 200 in 214ms (next.js: 27ms, application-code: 187ms)
 GET /bilgeapi-ops 200 in 241ms (next.js: 27ms, application-code: 213ms)
 GET /bilgeapi-ops 200 in 197ms (next.js: 57ms, application-code: 140ms)
 GET /bilgeapi-ops 200 in 200ms (next.js: 89ms, application-code: 111ms)
 GET /bilgeapi-ops 200 in 335ms (next.js: 69ms, application-code: 265ms)
 GET /bilgeapi-ops 200 in 338ms (next.js: 37ms, application-code: 300ms)
 GET /bilgeapi-ops 200 in 231ms (next.js: 21ms, application-code: 210ms)
 GET /bilgeapi-ops 200 in 342ms (next.js: 7ms, application-code: 335ms)
 GET /bilgeapi-ops 200 in 232ms (next.js: 52ms, application-code: 180ms)
 GET /bilgeapi-ops 200 in 150ms (next.js: 32ms, application-code: 119ms)
 GET /bilgeapi-ops 200 in 279ms (next.js: 137ms, application-code: 142ms)
 GET /bilgeapi-ops 200 in 284ms (next.js: 74ms, application-code: 210ms)
 GET /bilgeapi-ops 200 in 282ms (next.js: 16ms, application-code: 266ms)
 GET /bilgeapi-ops 200 in 282ms (next.js: 42ms, application-code: 240ms)
 GET /bilgeapi-ops 200 in 286ms (next.js: 100ms, application-code: 186ms)
 GET /bilgeapi-ops 200 in 289ms (next.js: 163ms, application-code: 125ms)
 GET /bilgeapi-ops 200 in 268ms (next.js: 8ms, application-code: 261ms)
 GET /bilgeapi-ops 200 in 237ms (next.js: 63ms, application-code: 174ms)
 GET /bilgeapi-ops 200 in 240ms (next.js: 34ms, application-code: 206ms)
 GET /bilgeapi-ops 200 in 271ms (next.js: 34ms, application-code: 237ms)
 GET /bilgeapi-ops 200 in 149ms (next.js: 26ms, application-code: 123ms)
 GET /bilgeapi-ops 200 in 149ms (next.js: 50ms, application-code: 99ms)
 GET /bilgeapi-ops 200 in 233ms (next.js: 6ms, application-code: 227ms)
 GET /bilgeapi-ops 200 in 233ms (next.js: 50ms, application-code: 184ms)
 GET /bilgeapi-ops 200 in 235ms (next.js: 72ms, application-code: 163ms)
 GET /bilgeapi-ops 200 in 237ms (next.js: 27ms, application-code: 210ms)
 GET /bilgeapi-ops 200 in 215ms (next.js: 77ms, application-code: 138ms)
 GET /bilgeapi-ops 200 in 142ms (next.js: 41ms, application-code: 102ms)
 GET /bilgeapi-ops 200 in 245ms (next.js: 63ms, application-code: 182ms)
 GET /bilgeapi-ops 200 in 248ms (next.js: 8ms, application-code: 240ms)
 GET /bilgeapi-ops 200 in 248ms (next.js: 40ms, application-code: 207ms)
 GET /bilgeapi-ops 200 in 247ms (next.js: 87ms, application-code: 160ms)
 GET /bilgeapi-ops 200 in 167ms (next.js: 53ms, application-code: 114ms)
 GET /bilgeapi-ops 200 in 275ms (next.js: 37ms, application-code: 238ms)
 GET /bilgeapi-ops 200 in 232ms (next.js: 5ms, application-code: 226ms)
 GET /bilgeapi-ops 200 in 233ms (next.js: 29ms, application-code: 204ms)
 GET /bilgeapi-ops 200 in 208ms (next.js: 57ms, application-code: 152ms)
 GET /bilgeapi-ops 200 in 235ms (next.js: 54ms, application-code: 182ms)
 GET /bilgeapi-ops 200 in 159ms (next.js: 38ms, application-code: 120ms)
 GET /bilgeapi-ops 200 in 264ms (next.js: 5ms, application-code: 259ms)
 GET /bilgeapi-ops 200 in 284ms (next.js: 32ms, application-code: 253ms)
 GET /bilgeapi-ops 200 in 259ms (next.js: 49ms, application-code: 210ms)
 GET /bilgeapi-ops 200 in 291ms (next.js: 6ms, application-code: 285ms)
 GET /bilgeapi-ops 200 in 262ms (next.js: 89ms, application-code: 172ms)
 GET /bilgeapi-ops 200 in 180ms (next.js: 44ms, application-code: 135ms)
 GET /bilgeapi-ops 200 in 152ms (next.js: 6ms, application-code: 146ms)
 GET /bilgeapi-ops 200 in 218ms (next.js: 26ms, application-code: 192ms)
 GET /bilgeapi-ops 200 in 223ms (next.js: 6ms, application-code: 217ms)
 GET /bilgeapi-ops 200 in 196ms (next.js: 48ms, application-code: 148ms)
 GET /bilgeapi-ops 200 in 198ms (next.js: 26ms, application-code: 171ms)
 GET /bilgeapi-ops 200 in 177ms (next.js: 52ms, application-code: 125ms)
 GET /bilgeapi-ops 200 in 203ms (next.js: 10ms, application-code: 193ms)
 GET /bilgeapi-ops 200 in 197ms (next.js: 26ms, application-code: 171ms)
 GET /bilgeapi-ops 200 in 197ms (next.js: 47ms, application-code: 150ms)
 GET /bilgeapi-ops 200 in 200ms (next.js: 6ms, application-code: 194ms)
 GET /bilgeapi-ops 200 in 198ms (next.js: 65ms, application-code: 132ms)
 GET /bilgeapi-ops 200 in 135ms (next.js: 13ms, application-code: 122ms)
 GET /bilgeapi-ops 200 in 168ms (next.js: 6ms, application-code: 162ms)
 GET /bilgeapi-ops 200 in 213ms (next.js: 23ms, application-code: 190ms)
 GET /bilgeapi-ops 200 in 216ms (next.js: 3ms, application-code: 213ms)
 GET /bilgeapi-ops 200 in 197ms (next.js: 59ms, application-code: 138ms)
 GET /bilgeapi-ops 200 in 217ms (next.js: 53ms, application-code: 164ms)
 GET /bilgeapi-ops 200 in 128ms (next.js: 11ms, application-code: 117ms)
 GET /bilgeapi-ops 200 in 157ms (next.js: 6ms, application-code: 151ms)
 GET /bilgeapi-ops 200 in 207ms (next.js: 4ms, application-code: 203ms)
 GET /bilgeapi-ops 200 in 207ms (next.js: 23ms, application-code: 183ms)
 GET /bilgeapi-ops 200 in 189ms (next.js: 49ms, application-code: 140ms)
 GET /bilgeapi-ops 200 in 210ms (next.js: 43ms, application-code: 167ms)
 GET /bilgeapi-ops 200 in 189ms (next.js: 12ms, application-code: 177ms)
 GET /bilgeapi-ops 200 in 154ms (next.js: 8ms, application-code: 146ms)
 GET /bilgeapi-ops 200 in 241ms (next.js: 32ms, application-code: 209ms)
 GET /bilgeapi-ops 200 in 188ms (next.js: 8ms, application-code: 181ms)
 GET /bilgeapi-ops 200 in 245ms (next.js: 3ms, application-code: 241ms)
 GET /bilgeapi-ops 200 in 189ms (next.js: 39ms, application-code: 149ms)
 GET /bilgeapi-ops 200 in 203ms (next.js: 9ms, application-code: 194ms)
 GET /bilgeapi-ops 200 in 199ms (next.js: 29ms, application-code: 170ms)
 GET /bilgeapi-ops 200 in 232ms (next.js: 25ms, application-code: 207ms)
 GET /bilgeapi-ops 200 in 185ms (next.js: 32ms, application-code: 153ms)
 GET /bilgeapi-ops 200 in 236ms (next.js: 4ms, application-code: 232ms)
 GET /bilgeapi-ops 200 in 214ms (next.js: 29ms, application-code: 185ms)
 GET /bilgeapi-ops 200 in 253ms (next.js: 8ms, application-code: 244ms)
 GET /bilgeapi-ops 200 in 249ms (next.js: 37ms, application-code: 213ms)
 GET /bilgeapi-ops 200 in 233ms (next.js: 56ms, application-code: 178ms)
 GET /bilgeapi-ops 200 in 237ms (next.js: 79ms, application-code: 157ms)
 GET /bilgeapi-ops 200 in 241ms (next.js: 5ms, application-code: 236ms)
 GET /bilgeapi-ops 200 in 241ms (next.js: 31ms, application-code: 211ms)
 GET /bilgeapi-ops 200 in 157ms (next.js: 25ms, application-code: 133ms)
 GET /bilgeapi-ops 200 in 159ms (next.js: 3ms, application-code: 157ms)
 GET /bilgeapi-ops 200 in 174ms (next.js: 6ms, application-code: 169ms)
 GET /bilgeapi-ops 200 in 143ms (next.js: 6ms, application-code: 136ms)
 GET /bilgeapi-ops 200 in 142ms (next.js: 26ms, application-code: 117ms)
 GET /bilgeapi-ops 200 in 141ms (next.js: 50ms, application-code: 91ms)
 GET /bilgeapi-ops 200 in 47ms (next.js: 9ms, application-code: 38ms)
 GET /bilgeapi-ops 200 in 222ms (next.js: 92ms, application-code: 129ms)
 GET /bilgeapi-ops 200 in 178ms (next.js: 102ms, application-code: 76ms)
 GET / 200 in 424ms (next.js: 21ms, application-code: 403ms)
 GET / 200 in 109ms (next.js: 3ms, application-code: 106ms)
 GET / 200 in 179ms (next.js: 5ms, application-code: 174ms)
 GET / 200 in 139ms (next.js: 3ms, application-code: 136ms)
