 
 -------------- celery@DESKTOP-I5A3FC9 v5.6.2 (recovery)
--- ***** ----- 
-- ******* ---- Windows-11-10.0.26200-SP0 2026-05-07 07:02:21
- *** --- * --- 
- ** ---------- [config]
- ** ---------- .> app:         ai_company:0x1e37da6c050
- ** ---------- .> transport:   redis://localhost:6379/0
- ** ---------- .> results:     redis://localhost:6379/0
- *** --- * --- .> concurrency: 2 (prefork)
-- ******* ---- .> task events: OFF (enable -E to monitor tasks in this worker)
--- ***** ----- 
 -------------- [queues]
                .> background       exchange=background(direct) key=background
                .> critical         exchange=critical(direct) key=critical
                .> default          exchange=default(direct) key=default

[tasks]
  . workers.workflow_worker.tasks.deerflow_tasks.run_deerflow_streaming_task
  . workers.workflow_worker.tasks.deerflow_tasks.run_deerflow_task
  . workers.workflow_worker.tasks.mesh_tasks.mesh_pulse_task
  . workers.workflow_worker.tasks.project_tasks.auto_fix_incident_task
  . workers.workflow_worker.tasks.project_tasks.cleanup_memories
  . workers.workflow_worker.tasks.project_tasks.heal_check_task
  . workers.workflow_worker.tasks.project_tasks.run_market_intelligence_task
  . workers.workflow_worker.tasks.project_tasks.run_project_task
  . workers.workflow_worker.tasks.project_tasks.run_self_update_task
  . workers.workflow_worker.tasks.project_tasks.run_visual_audit_task
  . workers.workflow_worker.tasks.project_tasks.send_telegram_notification_task
  . workers.workflow_worker.tasks.project_tasks.send_webhook_task
  . workers.workflow_worker.tasks.project_tasks.verify_canary_health_task

[2026-05-07 07:02:21,753: INFO/SpawnPoolWorker-1] child process 27448 calling self.run()
[2026-05-07 07:02:22,317: INFO/SpawnPoolWorker-2] child process 13884 calling self.run()
